// Jest Snapshot v1, https://goo.gl/fbAQLP

exports[`<PClean /> renders default 1`] = `
.c0 {
  margin: 0 0.5rem;
  padding: 0;
}

<p
  className="c0"
/>
`;

exports[`<PFlex /> renders default 1`] = `
.c0 {
  display: -webkit-box;
  display: -webkit-flex;
  display: -ms-flexbox;
  display: flex;
  -webkit-align-content: center;
  -ms-flex-line-pack: center;
  align-content: center;
  -webkit-align-items: center;
  -webkit-box-align: center;
  -ms-flex-align: center;
  align-items: center;
  margin: 0 0.5rem;
  padding: 0;
}

<p
  className="c0"
/>
`;
