// Jest Snapshot v1, https://goo.gl/fbAQLP

exports[`<DownloadLink /> renders with default style 1`] = `
.c0 {
  display: block;
  font-size: 1.2rem;
  font-family: 'Noto Sans HK',sans-serif;
  color: #000;
  text-decoration: none;
  cursor: pointer;
}

<a
  className="c0"
  download="msg.txt"
  href="data:plain/plain;charset=utf-8,You've%20just%20downloaded%20this%20text%20%3B)"
>
  Download message
</a>
`;
