// Jest Snapshot v1, https://goo.gl/fbAQLP

exports[`<InfoBlock /> renders with default style 1`] = `
.c2 {
  display: block;
  font-size: 1.2rem;
  font-family: 'Noto Sans HK',sans-serif;
  color: #000;
  -webkit-text-decoration: none;
  text-decoration: none;
  cursor: pointer;
}

.c4 {
  display: -webkit-box;
  display: -webkit-flex;
  display: -ms-flexbox;
  display: flex;
  -webkit-flex-flow: row wrap;
  -ms-flex-flow: row wrap;
  flex-flow: row wrap;
  -webkit-box-pack: center;
  -webkit-justify-content: center;
  -ms-flex-pack: center;
  justify-content: center;
  -webkit-align-content: center;
  -ms-flex-line-pack: center;
  align-content: center;
  -webkit-align-items: center;
  -webkit-box-align: center;
  -ms-flex-align: center;
  align-items: center;
}

.c5 {
  margin: auto 0 0 0;
}

.c0 {
  display: -webkit-box;
  display: -webkit-flex;
  display: -ms-flexbox;
  display: flex;
  margin: 2rem 1rem;
  min-height: 13rem;
  padding: 1.2rem 1.2rem 0.8rem 1.2rem;
  -webkit-flex-flow: column nowrap;
  -ms-flex-flow: column nowrap;
  flex-flow: column nowrap;
  background: linear-gradient( #fff 0%,#fff 0.3rem,#f1e05a 0.3rem,#f1e05a 0.6rem,#fff 0.6rem );
  box-shadow: 0px 3px 5px 1px rgba(217,217,217,0.82);
  border-radius: 0.5rem;
  text-align: left;
  word-break: break-word;
}

.c3 {
  font-weight: 400;
  font-size: 1.3rem;
  color: #767676;
}

.c1 {
  margin: 0.2rem 0;
  font-size: 1.7rem;
}

.c8 {
  width: 100%;
  height: auto;
  -webkit-filter: invert(0%);
  filter: invert(0%);
}

.c11 {
  display: inline-block;
  width: auto;
  height: 2rem;
  -webkit-filter: invert(0%);
  filter: invert(0%);
}

.c9 {
  margin: 0 0.5rem;
  padding: 0;
}

.c10 {
  display: -webkit-box;
  display: -webkit-flex;
  display: -ms-flexbox;
  display: flex;
  -webkit-align-content: center;
  -ms-flex-line-pack: center;
  align-content: center;
  -webkit-align-items: center;
  -webkit-box-align: center;
  -ms-flex-align: center;
  align-items: center;
  margin: 0 0.5rem;
  padding: 0;
}

.c6 {
  cursor: pointer;
  height: auto;
  background: transparent;
  border: 0;
}

.c7 {
  margin: 0.5rem 0 0 0;
}

@media screen and (min-width:40rem) {
  .c0 {
    min-width: 16.5rem;
    margin: 1.5rem 1rem;
    -webkit-flex: 1 1 27%;
    -ms-flex: 1 1 27%;
    flex: 1 1 27%;
  }
}

<article
  className="c0"
>
  <h2
    className="c1"
  >
    <a
      className="c2"
      href=""
    >
      <span
        className="c3"
      >
        jayjamesjay
      </span>
       /
      gh-trends
    </a>
  </h2>
  <p>
    Loading content for this website...
  </p>
  <div
    className="c4 c5"
  >
    <button
      className="c6 c7"
      onClick={[Function]}
    >
      <img
        alt="Add to saved"
        className="c8"
        src="test-file-stub"
        title="Add to saved"
      />
    </button>
    <p
      className="c9"
    >
      Forks: 321
    </p>
    <p
      className="c9"
    >
      License: MIT
    </p>
    <p
      className="c10"
    >
      123
      <img
        alt="Stars"
        className="c11"
        src="test-file-stub"
      />
    </p>
    <p
      className="c9"
    >
      Language: JavaScript
    </p>
  </div>
</article>
`;

exports[`<RepoLink /> renders with default style 1`] = `
.c0 {
  display: block;
  font-size: 1.2rem;
  font-family: 'Noto Sans HK',sans-serif;
  color: #000;
  -webkit-text-decoration: none;
  text-decoration: none;
  cursor: pointer;
}

.c1 {
  font-weight: 400;
  font-size: 1.3rem;
  color: #767676;
}

<a
  className="c0"
  href="https://github.com/jayjamesjay/gh-trends"
>
  <span
    className="c1"
  >
    jayjamesjay
  </span>
   /
  gh-trends
</a>
`;

exports[`<SaveRepo /> renders with default style 1`] = `
.c2 {
  width: 100%;
  height: auto;
  -webkit-filter: invert(0%);
  filter: invert(0%);
}

.c0 {
  cursor: pointer;
  height: auto;
  background: transparent;
  border: 0;
}

.c1 {
  margin: 0.5rem 0 0 0;
}

<button
  className="c0 c1"
  onClick={[Function]}
>
  <img
    alt="Remove from saved"
    className="c2"
    src="test-file-stub"
    title="Remove from saved"
  />
</button>
`;
